src/routes/tickets.ts(26,24): error TS2769: No overload matches this call.
  The last overload gave the following error.
    Argument of type '(req: AuthenticatedRequest, res: Response) => Promise<Response<any, Record<string, any>> | undefined>' is not assignable to parameter of type 'RequestHandlerParams<ParamsDictionary, any, any, ParsedQs, Record<string, any>>'.
      Type '(req: AuthenticatedRequest, res: Response) => Promise<Response<any, Record<string, any>> | undefined>' is not assignable to type 'RequestHandler<ParamsDictionary, any, any, ParsedQs, Record<string, any>>'.
        Types of parameters 'req' and 'req' are incompatible.
          Property 'user' is missing in type 'Request<ParamsDictionary, any, any, ParsedQs, Record<string, any>>' but required in type 'AuthenticatedRequest'.
src/routes/tickets.ts(27,25): error TS2769: No overload matches this call.
  The last overload gave the following error.
    Argument of type '(req: AuthenticatedRequest, res: Response) => Promise<void>' is not assignable to parameter of type 'RequestHandlerParams<ParamsDictionary, any, any, ParsedQs, Record<string, any>>'.
      Type '(req: AuthenticatedRequest, res: Response) => Promise<void>' is not assignable to type 'RequestHandler<ParamsDictionary, any, any, ParsedQs, Record<string, any>>'.
        Types of parameters 'req' and 'req' are incompatible.
          Property 'user' is missing in type 'Request<ParamsDictionary, any, any, ParsedQs, Record<string, any>>' but required in type 'AuthenticatedRequest'.
